2026-03-13 06:19:48 INFO  Tests.searchProductFunctionality - Opening Browser...
2026-03-13 06:19:55 INFO  Tests.searchProductFunctionality - Launching Amazon Website...
2026-03-13 06:19:57 INFO  Tests.searchProductFunctionality - Scenario: TC01_verify_search_validProductKeyword
2026-03-13 06:19:57 INFO  Tests.searchProductFunctionality - Reading Data from Excel Sheet...
2026-03-13 06:19:58 INFO  Tests.searchProductFunctionality - Scenario: TC02_verify_searchresults_display_relevantProducts_matchingKeyword
2026-03-13 06:19:58 INFO  Tests.searchProductFunctionality - Reading Data from Excel Sheet...
2026-03-13 06:19:58 INFO  Tests.searchProductFunctionality - Scenario: TC03_verify_search_Pressing_EnterKey
2026-03-13 06:19:58 INFO  Tests.searchProductFunctionality - Reading Data from Excel Sheet...
2026-03-13 06:19:58 INFO  Tests.searchProductFunctionality - Scenario: TC04_verify_search_count_inResultsPage
2026-03-13 06:19:58 INFO  Tests.searchProductFunctionality - Reading Data from Excel Sheet...
2026-03-13 06:25:09 INFO  Tests.searchProductFunctionality - Opening Browser...
2026-03-13 06:25:15 INFO  Tests.searchProductFunctionality - Launching Amazon Website...
2026-03-13 06:25:19 INFO  Tests.searchProductFunctionality - Scenario: TC01_verify_search_validProductKeyword
2026-03-13 06:25:19 INFO  Tests.searchProductFunctionality - Reading Data from Excel Sheet...
2026-03-13 06:25:19 INFO  Tests.searchProductFunctionality - Navigates to Homepage
2026-03-13 06:26:29 INFO  Tests.searchProductFunctionality - Clicking on Search Box
2026-03-13 06:26:49 INFO  Tests.searchProductFunctionality - Entering the Search Item into Search Box
2026-03-13 06:26:54 INFO  Tests.searchProductFunctionality - Cicking on Search Button
2026-03-13 06:27:08 INFO  Tests.searchProductFunctionality - Scenario: TC02_verify_searchresults_display_relevantProducts_matchingKeyword
2026-03-13 06:27:08 INFO  Tests.searchProductFunctionality - Reading Data from Excel Sheet...
2026-03-13 06:27:08 INFO  Tests.searchProductFunctionality - Navigates to Homepage
2026-03-13 06:27:34 INFO  Tests.searchProductFunctionality - Clicking on Search Box
2026-03-13 06:27:53 INFO  Tests.searchProductFunctionality - Entering the Search Item into the Search Box
2026-03-13 06:27:55 INFO  Tests.searchProductFunctionality - Clicking on Search Button
2026-03-13 06:28:05 INFO  Tests.searchProductFunctionality - Checking whether the Product page displays with relevant Products from Search Results
2026-03-13 06:28:22 INFO  Tests.searchProductFunctionality - Validating whether product results contain searched Item name
2026-03-13 06:28:22 INFO  Tests.searchProductFunctionality - Scenario: TC03_verify_search_Pressing_EnterKey
2026-03-13 06:28:22 INFO  Tests.searchProductFunctionality - Reading Data from Excel Sheet...
2026-03-13 06:28:22 INFO  Tests.searchProductFunctionality - Navigates to Homepage
2026-03-13 06:28:34 INFO  Tests.searchProductFunctionality - Clicking on Search Box
2026-03-13 06:28:51 INFO  Tests.searchProductFunctionality - Entering the Search Item into the Search Box
2026-03-13 06:28:52 INFO  Tests.searchProductFunctionality - Clicking on Enter Button from Keyboard
2026-03-13 06:29:03 INFO  Tests.searchProductFunctionality - Scenario: TC04_verify_search_count_inResultsPage
2026-03-13 06:29:03 INFO  Tests.searchProductFunctionality - Reading Data from Excel Sheet...
2026-03-13 06:29:03 INFO  Tests.searchProductFunctionality - Closing Browser...
2026-03-13 06:51:21 INFO  Tests.searchProductFunctionality - Opening Browser...
2026-03-13 06:51:27 INFO  Tests.searchProductFunctionality - Launching Amazon Website...
2026-03-13 06:51:29 INFO  Tests.searchProductFunctionality - Scenario: TC01_verify_search_validProductKeyword
2026-03-13 06:51:29 INFO  Tests.searchProductFunctionality - Reading Data from Excel Sheet...
2026-03-13 06:51:29 INFO  Tests.searchProductFunctionality - Navigates to Homepage
2026-03-13 06:52:40 INFO  Tests.searchProductFunctionality - Clicking on Search Box
2026-03-13 06:53:02 INFO  Tests.searchProductFunctionality - Entering the Search Item into Search Box
2026-03-13 06:53:07 INFO  Tests.searchProductFunctionality - Cicking on Search Button
2026-03-13 06:53:23 INFO  Tests.searchProductFunctionality - Scenario: TC02_verify_searchresults_display_relevantProducts_matchingKeyword
2026-03-13 06:53:23 INFO  Tests.searchProductFunctionality - Reading Data from Excel Sheet...
2026-03-13 06:53:23 INFO  Tests.searchProductFunctionality - Navigates to Homepage
2026-03-13 06:53:51 INFO  Tests.searchProductFunctionality - Clicking on Search Box
2026-03-13 06:54:11 INFO  Tests.searchProductFunctionality - Entering the Search Item into the Search Box
2026-03-13 06:54:12 INFO  Tests.searchProductFunctionality - Clicking on Search Button
2026-03-13 06:54:27 INFO  Tests.searchProductFunctionality - Checking whether the Product page displays with relevant Products from Search Results
2026-03-13 06:54:42 INFO  Tests.searchProductFunctionality - Validating whether product results contain searched Item name
2026-03-13 06:54:42 INFO  Tests.searchProductFunctionality - Scenario: TC03_verify_search_Pressing_EnterKey
2026-03-13 06:54:42 INFO  Tests.searchProductFunctionality - Reading Data from Excel Sheet...
2026-03-13 06:54:42 INFO  Tests.searchProductFunctionality - Navigates to Homepage
2026-03-13 06:55:00 INFO  Tests.searchProductFunctionality - Clicking on Search Box
2026-03-13 06:55:15 INFO  Tests.searchProductFunctionality - Entering the Search Item into the Search Box
2026-03-13 06:55:16 INFO  Tests.searchProductFunctionality - Clicking on Enter Button from Keyboard
2026-03-13 06:55:28 INFO  Tests.searchProductFunctionality - Scenario: TC04_verify_search_count_inResultsPage
2026-03-13 06:55:28 INFO  Tests.searchProductFunctionality - Reading Data from Excel Sheet...
2026-03-13 06:55:28 INFO  Tests.searchProductFunctionality - Closing Browser...
2026-03-13 06:58:06 INFO  Tests.searchProductFunctionality - Opening Browser...
2026-03-13 06:58:11 INFO  Tests.searchProductFunctionality - Launching Amazon Website...
2026-03-13 06:58:13 INFO  Tests.searchProductFunctionality - Scenario: TC01_verify_search_validProductKeyword
2026-03-13 06:58:13 INFO  Tests.searchProductFunctionality - Reading Data from Excel Sheet...
2026-03-13 06:58:14 INFO  Tests.searchProductFunctionality - Navigates to Homepage
2026-03-13 06:59:17 INFO  Tests.searchProductFunctionality - Clicking on Search Box
2026-03-13 06:59:39 INFO  Tests.searchProductFunctionality - Entering the Search Item into Search Box
2026-03-13 06:59:43 INFO  Tests.searchProductFunctionality - Cicking on Search Button
2026-03-13 06:59:57 INFO  Tests.searchProductFunctionality - Scenario: TC02_verify_searchresults_display_relevantProducts_matchingKeyword
2026-03-13 06:59:57 INFO  Tests.searchProductFunctionality - Reading Data from Excel Sheet...
2026-03-13 06:59:57 INFO  Tests.searchProductFunctionality - Navigates to Homepage
2026-03-13 07:00:20 INFO  Tests.searchProductFunctionality - Clicking on Search Box
2026-03-13 07:00:42 INFO  Tests.searchProductFunctionality - Entering the Search Item into the Search Box
2026-03-13 07:00:43 INFO  Tests.searchProductFunctionality - Clicking on Search Button
2026-03-13 07:00:57 INFO  Tests.searchProductFunctionality - Checking whether the Product page displays with relevant Products from Search Results
2026-03-13 07:01:11 INFO  Tests.searchProductFunctionality - Validating whether product results contain searched Item name
2026-03-13 07:01:11 INFO  Tests.searchProductFunctionality - Scenario: TC03_verify_search_Pressing_EnterKey
2026-03-13 07:01:11 INFO  Tests.searchProductFunctionality - Reading Data from Excel Sheet...
2026-03-13 07:01:11 INFO  Tests.searchProductFunctionality - Navigates to Homepage
2026-03-13 07:01:22 INFO  Tests.searchProductFunctionality - Clicking on Search Box
2026-03-13 07:01:38 INFO  Tests.searchProductFunctionality - Entering the Search Item into the Search Box
2026-03-13 07:01:40 INFO  Tests.searchProductFunctionality - Clicking on Enter Button from Keyboard
2026-03-13 07:01:54 INFO  Tests.searchProductFunctionality - Scenario: TC04_verify_search_count_inResultsPage
2026-03-13 07:01:54 INFO  Tests.searchProductFunctionality - Reading Data from Excel Sheet...
2026-03-13 07:01:54 INFO  Tests.searchProductFunctionality - Closing Browser...
2026-03-13 07:43:32 INFO  Tests.searchProductFunctionality - Opening Browser...
2026-03-13 07:43:38 INFO  Tests.searchProductFunctionality - Launching Amazon Website...
2026-03-13 07:43:38 INFO  Tests.searchProductFunctionality - Scenario: TC01_verify_search_validProductKeyword
2026-03-13 07:43:38 INFO  Tests.searchProductFunctionality - Reading Data from Excel Sheet...
2026-03-13 07:43:38 INFO  Tests.searchProductFunctionality - Scenario: TC02_verify_searchresults_display_relevantProducts_matchingKeyword
2026-03-13 07:43:38 INFO  Tests.searchProductFunctionality - Reading Data from Excel Sheet...
2026-03-13 07:43:38 INFO  Tests.searchProductFunctionality - Scenario: TC03_verify_search_Pressing_EnterKey
2026-03-13 07:43:38 INFO  Tests.searchProductFunctionality - Reading Data from Excel Sheet...
2026-03-13 07:43:38 INFO  Tests.searchProductFunctionality - Scenario: TC04_verify_search_count_inResultsPage
2026-03-13 07:43:38 INFO  Tests.searchProductFunctionality - Reading Data from Excel Sheet...
2026-03-13 07:46:19 INFO  Tests.searchProductFunctionality - Opening Browser...
2026-03-13 07:46:25 INFO  Tests.searchProductFunctionality - Launching Amazon Website...
2026-03-13 07:46:25 INFO  Tests.searchProductFunctionality - Scenario: TC01_verify_search_validProductKeyword
2026-03-13 07:46:25 INFO  Tests.searchProductFunctionality - Reading Data from Excel Sheet...
2026-03-13 07:46:25 INFO  Tests.searchProductFunctionality - Scenario: TC02_verify_searchresults_display_relevantProducts_matchingKeyword
2026-03-13 07:46:25 INFO  Tests.searchProductFunctionality - Reading Data from Excel Sheet...
2026-03-13 07:46:25 INFO  Tests.searchProductFunctionality - Scenario: TC03_verify_search_Pressing_EnterKey
2026-03-13 07:46:25 INFO  Tests.searchProductFunctionality - Reading Data from Excel Sheet...
2026-03-13 07:46:25 INFO  Tests.searchProductFunctionality - Scenario: TC04_verify_search_count_inResultsPage
2026-03-13 07:46:25 INFO  Tests.searchProductFunctionality - Reading Data from Excel Sheet...
2026-03-13 07:46:41 INFO  Tests.searchProductFunctionality - Opening Browser...
2026-03-13 07:46:47 INFO  Tests.searchProductFunctionality - Launching Amazon Website...
2026-03-13 07:46:50 INFO  Tests.searchProductFunctionality - Scenario: TC01_verify_search_validProductKeyword
2026-03-13 07:46:50 INFO  Tests.searchProductFunctionality - Reading Data from Excel Sheet...
2026-03-13 07:46:50 INFO  Tests.searchProductFunctionality - Navigates to Homepage
2026-03-13 07:47:59 INFO  Tests.searchProductFunctionality - Clicking on Search Box
2026-03-13 07:47:59 INFO  Tests.searchProductFunctionality - Scenario: TC02_verify_searchresults_display_relevantProducts_matchingKeyword
2026-03-13 07:47:59 INFO  Tests.searchProductFunctionality - Reading Data from Excel Sheet...
2026-03-13 07:47:59 INFO  Tests.searchProductFunctionality - Navigates to Homepage
2026-03-13 07:48:31 INFO  Tests.searchProductFunctionality - Clicking on Search Box
2026-03-13 07:48:31 INFO  Tests.searchProductFunctionality - Scenario: TC03_verify_search_Pressing_EnterKey
2026-03-13 07:48:31 INFO  Tests.searchProductFunctionality - Reading Data from Excel Sheet...
2026-03-13 07:48:31 INFO  Tests.searchProductFunctionality - Navigates to Homepage
2026-03-13 07:52:06 INFO  Tests.searchProductFunctionality - Opening Browser...
2026-03-13 07:52:12 INFO  Tests.searchProductFunctionality - Launching Amazon Website...
2026-03-13 07:52:12 INFO  Tests.searchProductFunctionality - Scenario: TC01_verify_search_validProductKeyword
2026-03-13 07:52:12 INFO  Tests.searchProductFunctionality - Reading Data from Excel Sheet...
2026-03-13 07:52:12 INFO  Tests.searchProductFunctionality - Scenario: TC02_verify_searchresults_display_relevantProducts_matchingKeyword
2026-03-13 07:52:12 INFO  Tests.searchProductFunctionality - Reading Data from Excel Sheet...
2026-03-13 07:52:12 INFO  Tests.searchProductFunctionality - Scenario: TC03_verify_search_Pressing_EnterKey
2026-03-13 07:52:12 INFO  Tests.searchProductFunctionality - Reading Data from Excel Sheet...
2026-03-13 07:52:12 INFO  Tests.searchProductFunctionality - Scenario: TC04_verify_search_count_inResultsPage
2026-03-13 07:52:12 INFO  Tests.searchProductFunctionality - Reading Data from Excel Sheet...
2026-03-13 07:52:36 INFO  Tests.searchProductFunctionality - Opening Browser...
2026-03-13 07:52:42 INFO  Tests.searchProductFunctionality - Launching Amazon Website...
2026-03-13 07:52:45 INFO  Tests.searchProductFunctionality - Scenario: TC01_verify_search_validProductKeyword
2026-03-13 07:52:45 INFO  Tests.searchProductFunctionality - Reading Data from Excel Sheet...
2026-03-13 07:52:45 INFO  Tests.searchProductFunctionality - Navigates to Homepage
2026-03-13 07:53:14 INFO  Tests.searchProductFunctionality - Clicking on Search Box
2026-03-13 07:53:21 INFO  Tests.searchProductFunctionality - Entering the Search Item into Search Box
2026-03-13 07:53:25 INFO  Tests.searchProductFunctionality - Cicking on Search Button
2026-03-13 07:53:35 INFO  Tests.searchProductFunctionality - Scenario: TC02_verify_searchresults_display_relevantProducts_matchingKeyword
2026-03-13 07:53:35 INFO  Tests.searchProductFunctionality - Reading Data from Excel Sheet...
2026-03-13 07:53:35 INFO  Tests.searchProductFunctionality - Navigates to Homepage
2026-03-13 07:53:54 INFO  Tests.searchProductFunctionality - Clicking on Search Box
2026-03-13 07:54:01 INFO  Tests.searchProductFunctionality - Entering the Search Item into the Search Box
2026-03-13 07:54:02 INFO  Tests.searchProductFunctionality - Clicking on Search Button
2026-03-13 07:54:14 INFO  Tests.searchProductFunctionality - Checking whether the Product page displays with relevant Products from Search Results
2026-03-13 07:54:23 INFO  Tests.searchProductFunctionality - Validating whether product results contain searched Item name
2026-03-13 07:54:23 INFO  Tests.searchProductFunctionality - Scenario: TC03_verify_search_Pressing_EnterKey
2026-03-13 07:54:23 INFO  Tests.searchProductFunctionality - Reading Data from Excel Sheet...
2026-03-13 07:54:23 INFO  Tests.searchProductFunctionality - Navigates to Homepage
2026-03-13 07:54:31 INFO  Tests.searchProductFunctionality - Clicking on Search Box
2026-03-13 07:54:38 INFO  Tests.searchProductFunctionality - Entering the Search Item into the Search Box
2026-03-13 07:54:38 INFO  Tests.searchProductFunctionality - Clicking on Enter Button from Keyboard
2026-03-13 07:54:46 INFO  Tests.searchProductFunctionality - Scenario: TC04_verify_search_count_inResultsPage
2026-03-13 07:54:46 INFO  Tests.searchProductFunctionality - Reading Data from Excel Sheet...
2026-03-13 07:54:46 INFO  Tests.searchProductFunctionality - Closing Browser...
